// Vitest Snapshot v1, https://vitest.dev/guide/snapshot.html

exports[`Modal component > snapshot 1`] = `<DocumentFragment />`;
