// Vitest Snapshot v1, https://vitest.dev/guide/snapshot.html

exports[`Content component > snapshot 1`] = `
<DocumentFragment>
  <div
    class="bg-amber-300 w-full h-full text-sm"
  />
</DocumentFragment>
`;
