// Vitest Snapshot v1, https://vitest.dev/guide/snapshot.html

exports[`Banner component > snapshot 1`] = `
<DocumentFragment>
  <div
    class="absolute z-[100000000] flex h-fit w-full items-center justify-center bg-red-400 p-2"
  >
    <p>
      Sample banner message
    </p>
  </div>
</DocumentFragment>
`;
